[debug] [2026-04-05T14:14:11.800Z] ----------------------------------------------------------------------
[debug] [2026-04-05T14:14:11.806Z] Command:       /usr/bin/node-22 /home/krxsna/.npm-global/bin/firebase init
[debug] [2026-04-05T14:14:11.808Z] CLI Version:   15.13.0
[debug] [2026-04-05T14:14:11.808Z] Platform:      linux
[debug] [2026-04-05T14:14:11.808Z] Node Version:  v22.22.0
[debug] [2026-04-05T14:14:11.809Z] Time:          Sun Apr 05 2026 19:44:11 GMT+0530 (India Standard Time)
[debug] [2026-04-05T14:14:11.809Z] ----------------------------------------------------------------------
[debug] 
[info] 
     ######## #### ########  ######## ########     ###     ######  ########
     ##        ##  ##     ## ##       ##     ##  ##   ##  ##       ##
     ######    ##  ########  ######   ########  #########  ######  ######
     ##        ##  ##    ##  ##       ##     ## ##     ##       ## ##
     ##       #### ##     ## ######## ########  ##     ##  ######  ########

You're about to initialize a Firebase project in this directory:

  /home/krxsna/dev/itc-new

Before we get started, keep in mind:

  * You are initializing within an existing Firebase project directory

[info] 
=== Project Setup
[info] 
[info] First, let's associate this project directory with a Firebase project.
[info] You can create multiple project aliases by running firebase use --add, 
[info] 
[debug] [2026-04-05T14:14:23.766Z] > command requires scopes: ["email","openid","https://www.googleapis.com/auth/cloudplatformprojects.readonly","https://www.googleapis.com/auth/firebase","https://www.googleapis.com/auth/cloud-platform"]
[debug] [2026-04-05T14:14:23.767Z] > authorizing via signed-in user (projects.ieeevit@gmail.com)
[debug] [2026-04-05T14:14:23.770Z] Checked if tokens are valid: true, expires at: 1775401886745
[debug] [2026-04-05T14:14:23.771Z] Checked if tokens are valid: true, expires at: 1775401886745
[debug] [2026-04-05T14:14:23.775Z] >>> [apiv2][query] GET https://firebase.googleapis.com/v1beta1/projects/itc--2026 [none]
[debug] [2026-04-05T14:14:24.493Z] <<< [apiv2][status] GET https://firebase.googleapis.com/v1beta1/projects/itc--2026 403
[debug] [2026-04-05T14:14:24.493Z] <<< [apiv2][body] GET https://firebase.googleapis.com/v1beta1/projects/itc--2026 {"error":{"code":403,"message":"The caller does not have permission","status":"PERMISSION_DENIED"}}
[debug] [2026-04-05T14:14:24.494Z] Request to https://firebase.googleapis.com/v1beta1/projects/itc--2026 had HTTP Error: 403, The caller does not have permission
[debug] [2026-04-05T14:14:24.789Z] FirebaseError: Request to https://firebase.googleapis.com/v1beta1/projects/itc--2026 had HTTP Error: 403, The caller does not have permission
    at responseToError (/home/krxsna/.npm-global/lib/node_modules/firebase-tools/lib/responseToError.js:53:12)
    at RetryOperation._fn (/home/krxsna/.npm-global/lib/node_modules/firebase-tools/lib/apiv2.js:333:77)
    at process.processTicksAndRejections (node:internal/process/task_queues:105:5)
[error] 
[error] Error: Failed to get Firebase project itc--2026. Please make sure the project exists and your account has permission to access it.
[debug] [2026-04-05T16:42:42.196Z] ----------------------------------------------------------------------
[debug] [2026-04-05T16:42:42.202Z] Command:       /usr/bin/node-22 /home/krxsna/.npm-global/bin/firebase init
[debug] [2026-04-05T16:42:42.203Z] CLI Version:   15.13.0
[debug] [2026-04-05T16:42:42.203Z] Platform:      linux
[debug] [2026-04-05T16:42:42.203Z] Node Version:  v22.22.0
[debug] [2026-04-05T16:42:42.204Z] Time:          Sun Apr 05 2026 22:12:42 GMT+0530 (India Standard Time)
[debug] [2026-04-05T16:42:42.204Z] ----------------------------------------------------------------------
[debug] 
[info] 
     ######## #### ########  ######## ########     ###     ######  ########
     ##        ##  ##     ## ##       ##     ##  ##   ##  ##       ##
     ######    ##  ########  ######   ########  #########  ######  ######
     ##        ##  ##    ##  ##       ##     ## ##     ##       ## ##
     ##       #### ##     ## ######## ########  ##     ##  ######  ########

You're about to initialize a Firebase project in this directory:

  /home/krxsna/dev/itc-new

Before we get started, keep in mind:

  * You are initializing within an existing Firebase project directory

[info] 
=== Project Setup
[info] 
[info] First, let's associate this project directory with a Firebase project.
[info] You can create multiple project aliases by running firebase use --add, 
[info] 
[debug] [2026-04-05T16:42:52.776Z] > command requires scopes: ["email","openid","https://www.googleapis.com/auth/cloudplatformprojects.readonly","https://www.googleapis.com/auth/firebase","https://www.googleapis.com/auth/cloud-platform"]
[debug] [2026-04-05T16:42:52.777Z] > authorizing via signed-in user (projects.ieeevit@gmail.com)
[debug] [2026-04-05T16:42:52.781Z] Checked if tokens are valid: false, expires at: 1775401886745
[debug] [2026-04-05T16:42:52.781Z] Checked if tokens are valid: false, expires at: 1775401886745
[debug] [2026-04-05T16:42:52.782Z] > refreshing access token with scopes: []
[debug] [2026-04-05T16:42:52.786Z] >>> [apiv2][query] POST https://www.googleapis.com/oauth2/v3/token [none]
[debug] [2026-04-05T16:42:52.786Z] >>> [apiv2][body] POST https://www.googleapis.com/oauth2/v3/token [omitted]
[debug] [2026-04-05T16:42:53.243Z] <<< [apiv2][status] POST https://www.googleapis.com/oauth2/v3/token 200
[debug] [2026-04-05T16:42:53.243Z] <<< [apiv2][body] POST https://www.googleapis.com/oauth2/v3/token [omitted]
[debug] [2026-04-05T16:42:53.251Z] >>> [apiv2][query] GET https://firebase.googleapis.com/v1beta1/projects/itc--2026 [none]
[debug] [2026-04-05T16:42:54.150Z] <<< [apiv2][status] GET https://firebase.googleapis.com/v1beta1/projects/itc--2026 403
[debug] [2026-04-05T16:42:54.151Z] <<< [apiv2][body] GET https://firebase.googleapis.com/v1beta1/projects/itc--2026 {"error":{"code":403,"message":"The caller does not have permission","status":"PERMISSION_DENIED"}}
[debug] [2026-04-05T16:42:54.155Z] Request to https://firebase.googleapis.com/v1beta1/projects/itc--2026 had HTTP Error: 403, The caller does not have permission
[debug] [2026-04-05T16:42:54.447Z] FirebaseError: Request to https://firebase.googleapis.com/v1beta1/projects/itc--2026 had HTTP Error: 403, The caller does not have permission
    at responseToError (/home/krxsna/.npm-global/lib/node_modules/firebase-tools/lib/responseToError.js:53:12)
    at RetryOperation._fn (/home/krxsna/.npm-global/lib/node_modules/firebase-tools/lib/apiv2.js:333:77)
    at process.processTicksAndRejections (node:internal/process/task_queues:105:5)
[error] 
[error] Error: Failed to get Firebase project itc--2026. Please make sure the project exists and your account has permission to access it.
